------------------------------------------------------------
TimeQuest Timing Analyzer Summary
------------------------------------------------------------

Type  : Slow Model Setup 'inst4|altpll_component|pll|clk[0]'
Slack : -9.059
TNS   : -351.917

Type  : Slow Model Setup 'uart_rx:inst|rx_data[0]'
Slack : -4.170
TNS   : -4.170

Type  : Slow Model Setup 'usart_receive:inst1|state.SET'
Slack : -3.716
TNS   : -71.799

Type  : Slow Model Setup 'clk'
Slack : -3.637
TNS   : -110.051

Type  : Slow Model Setup 'dds_out:inst5|counter[0]'
Slack : 0.540
TNS   : 0.000

Type  : Slow Model Hold 'clk'
Slack : -2.434
TNS   : -7.698

Type  : Slow Model Hold 'dds_out:inst5|counter[0]'
Slack : -2.023
TNS   : -24.356

Type  : Slow Model Hold 'uart_rx:inst|rx_data[0]'
Slack : -1.163
TNS   : -1.163

Type  : Slow Model Hold 'usart_receive:inst1|state.SET'
Slack : 0.019
TNS   : 0.000

Type  : Slow Model Hold 'inst4|altpll_component|pll|clk[0]'
Slack : 0.499
TNS   : 0.000

Type  : Slow Model Minimum Pulse Width 'inst4|altpll_component|pll|clk[0]'
Slack : -1.527
TNS   : -235.158

Type  : Slow Model Minimum Pulse Width 'dds_out:inst5|counter[0]'
Slack : 0.500
TNS   : 0.000

Type  : Slow Model Minimum Pulse Width 'uart_rx:inst|rx_data[0]'
Slack : 0.500
TNS   : 0.000

Type  : Slow Model Minimum Pulse Width 'usart_receive:inst1|state.SET'
Slack : 0.500
TNS   : 0.000

Type  : Slow Model Minimum Pulse Width 'clk'
Slack : 8.758
TNS   : 0.000

Type  : Fast Model Setup 'inst4|altpll_component|pll|clk[0]'
Slack : -2.979
TNS   : -101.621

Type  : Fast Model Setup 'usart_receive:inst1|state.SET'
Slack : -1.407
TNS   : -27.683

Type  : Fast Model Setup 'uart_rx:inst|rx_data[0]'
Slack : -1.359
TNS   : -1.359

Type  : Fast Model Setup 'clk'
Slack : -0.351
TNS   : -5.866

Type  : Fast Model Setup 'dds_out:inst5|counter[0]'
Slack : 0.149
TNS   : 0.000

Type  : Fast Model Hold 'clk'
Slack : -1.162
TNS   : -15.061

Type  : Fast Model Hold 'uart_rx:inst|rx_data[0]'
Slack : -0.383
TNS   : -0.383

Type  : Fast Model Hold 'dds_out:inst5|counter[0]'
Slack : -0.246
TNS   : -2.130

Type  : Fast Model Hold 'inst4|altpll_component|pll|clk[0]'
Slack : 0.215
TNS   : 0.000

Type  : Fast Model Hold 'usart_receive:inst1|state.SET'
Slack : 0.654
TNS   : 0.000

Type  : Fast Model Minimum Pulse Width 'inst4|altpll_component|pll|clk[0]'
Slack : -0.673
TNS   : -103.642

Type  : Fast Model Minimum Pulse Width 'dds_out:inst5|counter[0]'
Slack : 0.500
TNS   : 0.000

Type  : Fast Model Minimum Pulse Width 'uart_rx:inst|rx_data[0]'
Slack : 0.500
TNS   : 0.000

Type  : Fast Model Minimum Pulse Width 'usart_receive:inst1|state.SET'
Slack : 0.500
TNS   : 0.000

Type  : Fast Model Minimum Pulse Width 'clk'
Slack : 9.000
TNS   : 0.000

------------------------------------------------------------
